<MyStruct>
  <Foo_Bar>Hello World!</Foo_Bar>
</MyStruct>